%!Adobe-FontList 1.20
%Locale:0x409

%BeginFont
Handler:DirectoryHandler
FontType:TrueType
FontName:Roboto-Medium
FamilyName:Roboto
StyleName:Medium
MenuName:Roboto Medium
StyleBits:0
WeightClass:500
WidthClass:5
AngleClass:0
FullName:Roboto Medium
WritingScript:Roman
OutlineFileName:/Users/natalier/Downloads/drive-download-20200317T005834Z-001/StoryEducatorGuide/Document fonts/Roboto-Medium.ttf
DataFormat:sfntData
hasSVG:no
VariableFontType:NonVariableFont
FileLength:172064
FileModTime:379400400
NameArray:0,Mac,4,Roboto Medium
NameArray:0,Win,1,Roboto Medium
NameArray:0,Win,16,Roboto
%EndFont

%BeginFont
Handler:DirectoryHandler
FontType:Invalid
OutlineFileName:/Users/natalier/Downloads/drive-download-20200317T005834Z-001/StoryEducatorGuide/Document fonts/AdobeFnt20.lst
FileLength:16924
FileModTime:595475105
%EndFont

%BeginFont
Handler:DirectoryHandler
FontType:Invalid
OutlineFileName:/Users/natalier/Downloads/drive-download-20200317T005834Z-001/StoryEducatorGuide/Document fonts/AdobeFnt21.lst
FileLength:17264
FileModTime:606105502
%EndFont

%BeginFont
Handler:DirectoryHandler
FontType:TrueType
FontName:Roboto-Regular
FamilyName:Roboto
StyleName:Regular
MenuName:Roboto
StyleBits:0
WeightClass:400
WidthClass:5
AngleClass:0
FullName:Roboto
WritingScript:Roman
OutlineFileName:/Users/natalier/Downloads/drive-download-20200317T005834Z-001/StoryEducatorGuide/Document fonts/Roboto-Regular.ttf
DataFormat:sfntData
hasSVG:no
VariableFontType:NonVariableFont
FileLength:171676
FileModTime:379400400
NameArray:0,Mac,4,Roboto
NameArray:0,Win,1,Roboto
%EndFont

%BeginFont
Handler:DirectoryHandler
FontType:TrueType
FontName:Roboto-MediumItalic
FamilyName:Roboto
StyleName:Medium Italic
MenuName:Roboto Medium
StyleBits:1
WeightClass:500
WidthClass:5
AngleClass:1
FullName:Roboto Medium Italic
WritingScript:Roman
OutlineFileName:/Users/natalier/Downloads/drive-download-20200317T005834Z-001/StoryEducatorGuide/Document fonts/Roboto-MediumItalic.ttf
DataFormat:sfntData
hasSVG:no
VariableFontType:NonVariableFont
FileLength:176864
FileModTime:379400400
NameArray:0,Mac,4,Roboto Medium Italic
NameArray:0,Win,1,Roboto Medium
NameArray:0,Win,16,Roboto
%EndFont

%BeginFont
Handler:DirectoryHandler
FontType:TrueType
FontName:Montserrat-SemiBold
FamilyName:Montserrat
StyleName:SemiBold
MenuName:Montserrat SemiBold
StyleBits:0
WeightClass:600
WidthClass:5
AngleClass:0
FullName:Montserrat SemiBold
WritingScript:Roman
OutlineFileName:/Users/natalier/Downloads/drive-download-20200317T005834Z-001/StoryEducatorGuide/Document fonts/Montserrat-SemiBold.ttf
DataFormat:sfntData
hasSVG:no
VariableFontType:NonVariableFont
FileLength:260936
FileModTime:345445200
NameArray:0,Mac,4,Montserrat SemiBold
NameArray:0,Win,1,Montserrat SemiBold
NameArray:0,Win,16,Montserrat
%EndFont

%BeginFont
Handler:DirectoryHandler
FontType:TrueType
FontName:Roboto-BoldItalic
FamilyName:Roboto
StyleName:Bold Italic
MenuName:Roboto
StyleBits:3
WeightClass:700
WidthClass:5
AngleClass:1
FullName:Roboto Bold Italic
WritingScript:Roman
OutlineFileName:/Users/natalier/Downloads/drive-download-20200317T005834Z-001/StoryEducatorGuide/Document fonts/Roboto-BoldItalic.ttf
DataFormat:sfntData
hasSVG:no
VariableFontType:NonVariableFont
FileLength:174952
FileModTime:379400400
NameArray:0,Mac,4,Roboto Bold Italic
NameArray:0,Win,1,Roboto
%EndFont

%BeginFont
Handler:DirectoryHandler
FontType:TrueType
FontName:Montserrat-Black
FamilyName:Montserrat
StyleName:Black
MenuName:Montserrat Black
StyleBits:0
WeightClass:900
WidthClass:5
AngleClass:0
FullName:Montserrat Black
WritingScript:Roman
OutlineFileName:/Users/natalier/Downloads/drive-download-20200317T005834Z-001/StoryEducatorGuide/Document fonts/Montserrat-Black.ttf
DataFormat:sfntData
hasSVG:no
VariableFontType:NonVariableFont
FileLength:275192
FileModTime:345445200
NameArray:0,Mac,4,Montserrat Black
NameArray:0,Win,1,Montserrat Black
NameArray:0,Win,16,Montserrat
%EndFont

%BeginFont
Handler:DirectoryHandler
FontType:TrueType
FontName:Montserrat-Regular
FamilyName:Montserrat
StyleName:Regular
MenuName:Montserrat
StyleBits:0
WeightClass:400
WidthClass:5
AngleClass:0
FullName:Montserrat Regular
WritingScript:Roman
OutlineFileName:/Users/natalier/Downloads/drive-download-20200317T005834Z-001/StoryEducatorGuide/Document fonts/Montserrat-Regular.ttf
DataFormat:sfntData
hasSVG:no
VariableFontType:NonVariableFont
FileLength:263192
FileModTime:345445200
NameArray:0,Mac,4,Montserrat Regular
NameArray:0,Win,1,Montserrat
%EndFont

%BeginFont
Handler:DirectoryHandler
FontType:TrueType
FontName:HelveticaNeue-Bold
FamilyName:Helvetica Neue
StyleName:Bold
MenuName:Helvetica Neue
StyleBits:2
WeightClass:700
WidthClass:5
AngleClass:0
FullName:Helvetica Neue Bold
WritingScript:Roman
OutlineFileName:/Users/natalier/Downloads/drive-download-20200317T005834Z-001/StoryEducatorGuide/Document fonts/HelveticaNeue.dfont
DataFormat:sfntResource
ResourceID:14151
hasSVG:no
VariableFontType:NonVariableFont
FileLength:6739979
FileModTime:554253866
NameArray:0,Mac,4,Helvetica Neue Bold
%EndFont

%BeginFont
Handler:DirectoryHandler
FontType:TrueType
FontName:HelveticaNeue
FamilyName:Helvetica Neue
StyleName:Regular
MenuName:Helvetica Neue
StyleBits:0
WeightClass:400
WidthClass:5
AngleClass:0
FullName:Helvetica Neue
WritingScript:Roman
OutlineFileName:/Users/natalier/Downloads/drive-download-20200317T005834Z-001/StoryEducatorGuide/Document fonts/HelveticaNeue.dfont
DataFormat:sfntResource
ResourceID:15445
hasSVG:no
VariableFontType:NonVariableFont
FileLength:6739979
FileModTime:554253866
NameArray:0,Mac,4,Helvetica Neue
%EndFont

%BeginFont
Handler:DirectoryHandler
FontType:TrueType
FontName:HelveticaNeue-UltraLight
FamilyName:Helvetica Neue
StyleName:UltraLight
MenuName:Helvetica Neue
StyleBits:0
WeightClass:100
WidthClass:5
AngleClass:0
FullName:Helvetica Neue UltraLight
WritingScript:Roman
OutlineFileName:/Users/natalier/Downloads/drive-download-20200317T005834Z-001/StoryEducatorGuide/Document fonts/HelveticaNeue.dfont
DataFormat:sfntResource
ResourceID:8110
hasSVG:no
VariableFontType:NonVariableFont
FileLength:6739979
FileModTime:554253866
NameArray:0,Mac,4,Helvetica Neue UltraLight
%EndFont

%BeginFont
Handler:DirectoryHandler
FontType:TrueType
FontName:HelveticaNeue-Italic
FamilyName:Helvetica Neue
StyleName:Italic
MenuName:Helvetica Neue
StyleBits:1
WeightClass:400
WidthClass:5
AngleClass:1
FullName:Helvetica Neue Italic
WritingScript:Roman
OutlineFileName:/Users/natalier/Downloads/drive-download-20200317T005834Z-001/StoryEducatorGuide/Document fonts/HelveticaNeue.dfont
DataFormat:sfntResource
ResourceID:18772
hasSVG:no
VariableFontType:NonVariableFont
FileLength:6739979
FileModTime:554253866
NameArray:0,Mac,4,Helvetica Neue Italic
%EndFont

%BeginFont
Handler:DirectoryHandler
FontType:TrueType
FontName:HelveticaNeue-Light
FamilyName:Helvetica Neue
StyleName:Light
MenuName:Helvetica Neue
StyleBits:0
WeightClass:300
WidthClass:5
AngleClass:0
FullName:Helvetica Neue Light
WritingScript:Roman
OutlineFileName:/Users/natalier/Downloads/drive-download-20200317T005834Z-001/StoryEducatorGuide/Document fonts/HelveticaNeue.dfont
DataFormat:sfntResource
ResourceID:20609
hasSVG:no
VariableFontType:NonVariableFont
FileLength:6739979
FileModTime:554253866
NameArray:0,Mac,4,Helvetica Neue Light
%EndFont

%BeginFont
Handler:DirectoryHandler
FontType:TrueType
FontName:HelveticaNeue-UltraLightItalic
FamilyName:Helvetica Neue
StyleName:UltraLight Italic
MenuName:Helvetica Neue
StyleBits:1
WeightClass:100
WidthClass:5
AngleClass:1
FullName:Helvetica Neue UltraLight Italic
WritingScript:Roman
OutlineFileName:/Users/natalier/Downloads/drive-download-20200317T005834Z-001/StoryEducatorGuide/Document fonts/HelveticaNeue.dfont
DataFormat:sfntResource
ResourceID:24685
hasSVG:no
VariableFontType:NonVariableFont
FileLength:6739979
FileModTime:554253866
NameArray:0,Mac,4,Helvetica Neue UltraLight Italic
%EndFont

%BeginFont
Handler:DirectoryHandler
FontType:TrueType
FontName:HelveticaNeue-CondensedBlack
FamilyName:Helvetica Neue
StyleName:Condensed Black
MenuName:Helvetica Neue
StyleBits:2
WeightClass:900
WidthClass:3
AngleClass:0
FullName:Helvetica Neue Condensed Black
WritingScript:Roman
OutlineFileName:/Users/natalier/Downloads/drive-download-20200317T005834Z-001/StoryEducatorGuide/Document fonts/HelveticaNeue.dfont
DataFormat:sfntResource
ResourceID:28134
hasSVG:no
VariableFontType:NonVariableFont
FileLength:6739979
FileModTime:554253866
NameArray:0,Mac,4,Helvetica Neue Condensed Black
%EndFont

%BeginFont
Handler:DirectoryHandler
FontType:TrueType
FontName:HelveticaNeue-CondensedBold
FamilyName:Helvetica Neue
StyleName:Condensed Bold
MenuName:Helvetica Neue
StyleBits:2
WeightClass:700
WidthClass:3
AngleClass:0
FullName:Helvetica Neue Condensed Bold
WritingScript:Roman
OutlineFileName:/Users/natalier/Downloads/drive-download-20200317T005834Z-001/StoryEducatorGuide/Document fonts/HelveticaNeue.dfont
DataFormat:sfntResource
ResourceID:30606
hasSVG:no
VariableFontType:NonVariableFont
FileLength:6739979
FileModTime:554253866
NameArray:0,Mac,4,Helvetica Neue Condensed Bold
%EndFont

%BeginFont
Handler:DirectoryHandler
FontType:TrueType
FontName:HelveticaNeue-BoldItalic
FamilyName:Helvetica Neue
StyleName:Bold Italic
MenuName:Helvetica Neue
StyleBits:3
WeightClass:700
WidthClass:5
AngleClass:1
FullName:Helvetica Neue Bold Italic
WritingScript:Roman
OutlineFileName:/Users/natalier/Downloads/drive-download-20200317T005834Z-001/StoryEducatorGuide/Document fonts/HelveticaNeue.dfont
DataFormat:sfntResource
ResourceID:12888
hasSVG:no
VariableFontType:NonVariableFont
FileLength:6739979
FileModTime:554253866
NameArray:0,Mac,4,Helvetica Neue Bold Italic
%EndFont

%BeginFont
Handler:DirectoryHandler
FontType:TrueType
FontName:HelveticaNeue-LightItalic
FamilyName:Helvetica Neue
StyleName:Light Italic
MenuName:Helvetica Neue
StyleBits:1
WeightClass:300
WidthClass:5
AngleClass:1
FullName:Helvetica Neue Light Italic
WritingScript:Roman
OutlineFileName:/Users/natalier/Downloads/drive-download-20200317T005834Z-001/StoryEducatorGuide/Document fonts/HelveticaNeue.dfont
DataFormat:sfntResource
ResourceID:13514
hasSVG:no
VariableFontType:NonVariableFont
FileLength:6739979
FileModTime:554253866
NameArray:0,Mac,4,Helvetica Neue Light Italic
%EndFont

%BeginFont
Handler:DirectoryHandler
FontType:TrueType
FontName:HelveticaNeue-Medium
FamilyName:Helvetica Neue
StyleName:Medium
MenuName:Helvetica Neue
StyleBits:0
WeightClass:500
WidthClass:5
AngleClass:0
FullName:Helvetica Neue Medium
WritingScript:Roman
OutlineFileName:/Users/natalier/Downloads/drive-download-20200317T005834Z-001/StoryEducatorGuide/Document fonts/HelveticaNeue.dfont
DataFormat:sfntResource
ResourceID:14242
hasSVG:no
VariableFontType:NonVariableFont
FileLength:6739979
FileModTime:554253866
NameArray:0,Mac,4,Helvetica Neue Medium
%EndFont

%BeginFont
Handler:DirectoryHandler
FontType:TrueType
FontName:HelveticaNeue-Thin
FamilyName:Helvetica Neue
StyleName:Thin
MenuName:Helvetica Neue
StyleBits:0
WeightClass:200
WidthClass:5
AngleClass:0
FullName:Helvetica Neue Thin
WritingScript:Roman
OutlineFileName:/Users/natalier/Downloads/drive-download-20200317T005834Z-001/StoryEducatorGuide/Document fonts/HelveticaNeue.dfont
DataFormat:sfntResource
ResourceID:14243
hasSVG:no
VariableFontType:NonVariableFont
FileLength:6739979
FileModTime:554253866
NameArray:0,Mac,4,Helvetica Neue Thin
NameArray:0,Win,1,Helvetica Neue
%EndFont

%BeginFont
Handler:DirectoryHandler
FontType:TrueType
FontName:HelveticaNeue-ThinItalic
FamilyName:Helvetica Neue
StyleName:Thin Italic
MenuName:Helvetica Neue
StyleBits:0
WeightClass:200
WidthClass:5
AngleClass:0
FullName:Helvetica Neue Thin Italic
WritingScript:Roman
OutlineFileName:/Users/natalier/Downloads/drive-download-20200317T005834Z-001/StoryEducatorGuide/Document fonts/HelveticaNeue.dfont
DataFormat:sfntResource
ResourceID:14244
hasSVG:no
VariableFontType:NonVariableFont
FileLength:6739979
FileModTime:554253866
NameArray:0,Mac,4,Helvetica Neue Thin Italic
NameArray:0,Win,1,Helvetica Neue
%EndFont

%BeginFont
Handler:DirectoryHandler
FontType:TrueType
FontName:HelveticaNeue-MediumItalic
FamilyName:Helvetica Neue
StyleName:Medium Italic
MenuName:Helvetica Neue
StyleBits:0
WeightClass:500
WidthClass:5
AngleClass:0
FullName:Helvetica Neue Medium Italic
WritingScript:Roman
OutlineFileName:/Users/natalier/Downloads/drive-download-20200317T005834Z-001/StoryEducatorGuide/Document fonts/HelveticaNeue.dfont
DataFormat:sfntResource
ResourceID:14245
hasSVG:no
VariableFontType:NonVariableFont
FileLength:6739979
FileModTime:554253866
NameArray:0,Mac,4,Helvetica Neue Medium Italic
%EndFont

%BeginFont
Handler:DirectoryHandler
FontType:Suitcase
FontName:HelveticaNeue
OutlineFileName:/Users/natalier/Downloads/drive-download-20200317T005834Z-001/StoryEducatorGuide/Document fonts/HelveticaNeue.dfont
ResourceID:4684
MacStyle:0
FileLength:6739979
FileModTime:554253866
%EndFont

%BeginFont
Handler:DirectoryHandler
FontType:Suitcase
FontName:HelveticaNeue-Bold
OutlineFileName:/Users/natalier/Downloads/drive-download-20200317T005834Z-001/StoryEducatorGuide/Document fonts/HelveticaNeue.dfont
ResourceID:4684
MacStyle:1
FileLength:6739979
FileModTime:554253866
%EndFont

%BeginFont
Handler:DirectoryHandler
FontType:Suitcase
FontName:HelveticaNeue-Italic
OutlineFileName:/Users/natalier/Downloads/drive-download-20200317T005834Z-001/StoryEducatorGuide/Document fonts/HelveticaNeue.dfont
ResourceID:4684
MacStyle:2
FileLength:6739979
FileModTime:554253866
%EndFont

%BeginFont
Handler:DirectoryHandler
FontType:Suitcase
FontName:HelveticaNeue-BoldItalic
OutlineFileName:/Users/natalier/Downloads/drive-download-20200317T005834Z-001/StoryEducatorGuide/Document fonts/HelveticaNeue.dfont
ResourceID:4684
MacStyle:3
FileLength:6739979
FileModTime:554253866
%EndFont

%BeginFont
Handler:DirectoryHandler
FontType:Suitcase
FontName:HelveticaNeue-CondensedBold
OutlineFileName:/Users/natalier/Downloads/drive-download-20200317T005834Z-001/StoryEducatorGuide/Document fonts/HelveticaNeue.dfont
ResourceID:4685
MacStyle:0
FileLength:6739979
FileModTime:554253866
%EndFont

%BeginFont
Handler:DirectoryHandler
FontType:Suitcase
FontName:HelveticaNeue-UltraLight
OutlineFileName:/Users/natalier/Downloads/drive-download-20200317T005834Z-001/StoryEducatorGuide/Document fonts/HelveticaNeue.dfont
ResourceID:4688
MacStyle:0
FileLength:6739979
FileModTime:554253866
%EndFont

%BeginFont
Handler:DirectoryHandler
FontType:Suitcase
FontName:HelveticaNeue-UltraLightItalic
OutlineFileName:/Users/natalier/Downloads/drive-download-20200317T005834Z-001/StoryEducatorGuide/Document fonts/HelveticaNeue.dfont
ResourceID:4688
MacStyle:2
FileLength:6739979
FileModTime:554253866
%EndFont

%BeginFont
Handler:DirectoryHandler
FontType:Suitcase
FontName:HelveticaNeue-Light
OutlineFileName:/Users/natalier/Downloads/drive-download-20200317T005834Z-001/StoryEducatorGuide/Document fonts/HelveticaNeue.dfont
ResourceID:4846
MacStyle:0
FileLength:6739979
FileModTime:554253866
%EndFont

%BeginFont
Handler:DirectoryHandler
FontType:Suitcase
FontName:HelveticaNeue-LightItalic
OutlineFileName:/Users/natalier/Downloads/drive-download-20200317T005834Z-001/StoryEducatorGuide/Document fonts/HelveticaNeue.dfont
ResourceID:4846
MacStyle:2
FileLength:6739979
FileModTime:554253866
%EndFont

%BeginFont
Handler:DirectoryHandler
FontType:Suitcase
FontName:HelveticaNeue-CondensedBlack
OutlineFileName:/Users/natalier/Downloads/drive-download-20200317T005834Z-001/StoryEducatorGuide/Document fonts/HelveticaNeue.dfont
ResourceID:4889
MacStyle:0
FileLength:6739979
FileModTime:554253866
%EndFont

%BeginFont
Handler:DirectoryHandler
FontType:Suitcase
FontName:HelveticaNeue-Medium
OutlineFileName:/Users/natalier/Downloads/drive-download-20200317T005834Z-001/StoryEducatorGuide/Document fonts/HelveticaNeue.dfont
ResourceID:128
MacStyle:0
FileLength:6739979
FileModTime:554253866
%EndFont

%BeginFont
Handler:DirectoryHandler
FontType:Suitcase
FontName:HelveticaNeue-MediumItalic
OutlineFileName:/Users/natalier/Downloads/drive-download-20200317T005834Z-001/StoryEducatorGuide/Document fonts/HelveticaNeue.dfont
ResourceID:128
MacStyle:2
FileLength:6739979
FileModTime:554253866
%EndFont

%BeginFont
Handler:DirectoryHandler
FontType:Suitcase
FontName:HelveticaNeue-Thin
OutlineFileName:/Users/natalier/Downloads/drive-download-20200317T005834Z-001/StoryEducatorGuide/Document fonts/HelveticaNeue.dfont
ResourceID:4848
MacStyle:0
FileLength:6739979
FileModTime:554253866
%EndFont

%BeginFont
Handler:DirectoryHandler
FontType:Suitcase
FontName:HelveticaNeue-ThinItalic
OutlineFileName:/Users/natalier/Downloads/drive-download-20200317T005834Z-001/StoryEducatorGuide/Document fonts/HelveticaNeue.dfont
ResourceID:4848
MacStyle:2
FileLength:6739979
FileModTime:554253866
%EndFont

%BeginFont
Handler:DirectoryHandler
FontType:TrueType
FontName:Roboto-Bold
FamilyName:Roboto
StyleName:Bold
MenuName:Roboto
StyleBits:2
WeightClass:700
WidthClass:5
AngleClass:0
FullName:Roboto Bold
WritingScript:Roman
OutlineFileName:/Users/natalier/Downloads/drive-download-20200317T005834Z-001/StoryEducatorGuide/Document fonts/Roboto-Bold.ttf
DataFormat:sfntData
hasSVG:no
VariableFontType:NonVariableFont
FileLength:170760
FileModTime:379400400
NameArray:0,Mac,4,Roboto Bold
NameArray:0,Win,1,Roboto
%EndFont

