%!Adobe-FontList 1.18
%Locale:0x409

%BeginFont
Handler:DirectoryHandler
FontType:Type1
FontName:BurbankBigRegular-Black
FamilyName:Burbank Big Regular
StyleName:Black
MenuName:Burbank Big Rg Bk
StyleBits:0
WeightClass:700
WidthClass:5
AngleClass:0
FullName:Burbank Big Regular Black
WritingScript:Roman
OutlineFileName:\BurbankBigRegular-Black.otf
DataFormat:sfntData
UsesStandardEncoding:yes
isCFF:yes
hasSVG:no
FileLength:113160
FileModTime:1273143075
NameArray:0,Mac,4,Burbank Big Regular Black
NameArray:0,Win,1,Burbank Big Rg Bk
NameArray:0,Win,16,Burbank Big Regular
%EndFont

%BeginFont
Handler:DirectoryHandler
FontType:TrueType
FontName:HelveticaNeue-Bold
FamilyName:Helvetica Neue
StyleName:Bold
MenuName:Helvetica Neue
StyleBits:2
WeightClass:700
WidthClass:5
AngleClass:0
FullName:Helvetica Neue Bold
FamilyNameNative:
StyleNameNative:Bold
FullNameNative:
WritingScript:Cyrillic
OutlineFileName:\helveticaneue.dfont
DataFormat:sfntResource
ResourceID:14151
hasSVG:no
FileLength:1406971
FileModTime:1447190014
NameArray:0,Mac,4,Helvetica Neue Bold
%EndFont

%BeginFont
Handler:DirectoryHandler
FontType:TrueType
FontName:HelveticaNeue
FamilyName:Helvetica Neue
StyleName:Regular
MenuName:Helvetica Neue
StyleBits:0
WeightClass:400
WidthClass:5
AngleClass:0
FullName:Helvetica Neue
FamilyNameNative:
StyleNameNative:Regular
FullNameNative:
WritingScript:Cyrillic
OutlineFileName:\helveticaneue.dfont
DataFormat:sfntResource
ResourceID:15445
hasSVG:no
FileLength:1406971
FileModTime:1447190014
NameArray:0,Mac,4,Helvetica Neue
%EndFont

%BeginFont
Handler:DirectoryHandler
FontType:TrueType
FontName:HelveticaNeue-UltraLight
FamilyName:Helvetica Neue
StyleName:UltraLight
MenuName:Helvetica Neue
StyleBits:0
WeightClass:100
WidthClass:5
AngleClass:0
FullName:Helvetica Neue UltraLight
FamilyNameNative:
StyleNameNative:UltraLight
FullNameNative:
WritingScript:Cyrillic
OutlineFileName:\helveticaneue.dfont
DataFormat:sfntResource
ResourceID:8110
hasSVG:no
FileLength:1406971
FileModTime:1447190014
NameArray:0,Mac,4,Helvetica Neue UltraLight
%EndFont

%BeginFont
Handler:DirectoryHandler
FontType:TrueType
FontName:HelveticaNeue-Italic
FamilyName:Helvetica Neue
StyleName:Italic
MenuName:Helvetica Neue
StyleBits:1
WeightClass:400
WidthClass:5
AngleClass:1
FullName:Helvetica Neue Italic
FamilyNameNative:
StyleNameNative:Italic
FullNameNative:
WritingScript:Cyrillic
OutlineFileName:\helveticaneue.dfont
DataFormat:sfntResource
ResourceID:18772
hasSVG:no
FileLength:1406971
FileModTime:1447190014
NameArray:0,Mac,4,Helvetica Neue Italic
%EndFont

%BeginFont
Handler:DirectoryHandler
FontType:TrueType
FontName:HelveticaNeue-Light
FamilyName:Helvetica Neue
StyleName:Light
MenuName:Helvetica Neue
StyleBits:0
WeightClass:300
WidthClass:5
AngleClass:0
FullName:Helvetica Neue Light
FamilyNameNative:
StyleNameNative:Light
FullNameNative:
WritingScript:Cyrillic
OutlineFileName:\helveticaneue.dfont
DataFormat:sfntResource
ResourceID:20609
hasSVG:no
FileLength:1406971
FileModTime:1447190014
NameArray:0,Mac,4,Helvetica Neue Light
%EndFont

%BeginFont
Handler:DirectoryHandler
FontType:TrueType
FontName:HelveticaNeue-UltraLightItalic
FamilyName:Helvetica Neue
StyleName:UltraLight Italic
MenuName:Helvetica Neue
StyleBits:1
WeightClass:100
WidthClass:5
AngleClass:1
FullName:Helvetica Neue UltraLight Italic
FamilyNameNative:
StyleNameNative:UltraLight Italic
FullNameNative:
WritingScript:Cyrillic
OutlineFileName:\helveticaneue.dfont
DataFormat:sfntResource
ResourceID:24685
hasSVG:no
FileLength:1406971
FileModTime:1447190014
NameArray:0,Mac,4,Helvetica Neue UltraLight Italic
%EndFont

%BeginFont
Handler:DirectoryHandler
FontType:TrueType
FontName:HelveticaNeue-CondensedBlack
FamilyName:Helvetica Neue
StyleName:Condensed Black
MenuName:Helvetica Neue
StyleBits:2
WeightClass:900
WidthClass:3
AngleClass:0
FullName:Helvetica Neue Condensed Black
FamilyNameNative:
StyleNameNative:Condensed Black
FullNameNative:
WritingScript:Cyrillic
OutlineFileName:\helveticaneue.dfont
DataFormat:sfntResource
ResourceID:28134
hasSVG:no
FileLength:1406971
FileModTime:1447190014
NameArray:0,Mac,4,Helvetica Neue Condensed Black
%EndFont

%BeginFont
Handler:DirectoryHandler
FontType:TrueType
FontName:HelveticaNeue-CondensedBold
FamilyName:Helvetica Neue
StyleName:Condensed Bold
MenuName:Helvetica Neue
StyleBits:2
WeightClass:700
WidthClass:3
AngleClass:0
FullName:Helvetica Neue Condensed Bold
FamilyNameNative:
StyleNameNative:Condensed Bold
FullNameNative:
WritingScript:Cyrillic
OutlineFileName:\helveticaneue.dfont
DataFormat:sfntResource
ResourceID:30606
hasSVG:no
FileLength:1406971
FileModTime:1447190014
NameArray:0,Mac,4,Helvetica Neue Condensed Bold
%EndFont

%BeginFont
Handler:DirectoryHandler
FontType:TrueType
FontName:HelveticaNeue-BoldItalic
FamilyName:Helvetica Neue
StyleName:Bold Italic
MenuName:Helvetica Neue
StyleBits:3
WeightClass:700
WidthClass:5
AngleClass:1
FullName:Helvetica Neue Bold Italic
FamilyNameNative:
StyleNameNative:Bold Italic
FullNameNative:
WritingScript:Cyrillic
OutlineFileName:\helveticaneue.dfont
DataFormat:sfntResource
ResourceID:12888
hasSVG:no
FileLength:1406971
FileModTime:1447190014
NameArray:0,Mac,4,Helvetica Neue Bold Italic
%EndFont

%BeginFont
Handler:DirectoryHandler
FontType:TrueType
FontName:HelveticaNeue-LightItalic
FamilyName:Helvetica Neue
StyleName:Light Italic
MenuName:Helvetica Neue
StyleBits:1
WeightClass:300
WidthClass:5
AngleClass:1
FullName:Helvetica Neue Light Italic
FamilyNameNative:
StyleNameNative:Light Italic
FullNameNative:
WritingScript:Cyrillic
OutlineFileName:\helveticaneue.dfont
DataFormat:sfntResource
ResourceID:13514
hasSVG:no
FileLength:1406971
FileModTime:1447190014
NameArray:0,Mac,4,Helvetica Neue Light Italic
%EndFont

%BeginFont
Handler:DirectoryHandler
FontType:TrueType
FontName:HelveticaNeue-Medium
FamilyName:Helvetica Neue
StyleName:Medium
MenuName:Helvetica Neue
StyleBits:0
WeightClass:500
WidthClass:5
AngleClass:0
FullName:Helvetica Neue Medium
WritingScript:Roman
OutlineFileName:\helveticaneue.dfont
DataFormat:sfntResource
ResourceID:14242
hasSVG:no
FileLength:1406971
FileModTime:1447190014
NameArray:0,Mac,4,Helvetica Neue Medium
%EndFont

%BeginFont
Handler:DirectoryHandler
FontType:Suitcase
FontName:HelveticaNeue
OutlineFileName:\helveticaneue.dfont
ResourceID:4684
MacStyle:0
FileLength:1406971
FileModTime:1447190014
%EndFont

%BeginFont
Handler:DirectoryHandler
FontType:Suitcase
FontName:HelveticaNeue-Bold
OutlineFileName:\helveticaneue.dfont
ResourceID:4684
MacStyle:1
FileLength:1406971
FileModTime:1447190014
%EndFont

%BeginFont
Handler:DirectoryHandler
FontType:Suitcase
FontName:HelveticaNeue-Italic
OutlineFileName:\helveticaneue.dfont
ResourceID:4684
MacStyle:2
FileLength:1406971
FileModTime:1447190014
%EndFont

%BeginFont
Handler:DirectoryHandler
FontType:Suitcase
FontName:HelveticaNeue-BoldItalic
OutlineFileName:\helveticaneue.dfont
ResourceID:4684
MacStyle:3
FileLength:1406971
FileModTime:1447190014
%EndFont

%BeginFont
Handler:DirectoryHandler
FontType:Suitcase
FontName:HelveticaNeue-CondensedBold
OutlineFileName:\helveticaneue.dfont
ResourceID:4685
MacStyle:0
FileLength:1406971
FileModTime:1447190014
%EndFont

%BeginFont
Handler:DirectoryHandler
FontType:Suitcase
FontName:HelveticaNeue-UltraLight
OutlineFileName:\helveticaneue.dfont
ResourceID:4688
MacStyle:0
FileLength:1406971
FileModTime:1447190014
%EndFont

%BeginFont
Handler:DirectoryHandler
FontType:Suitcase
FontName:HelveticaNeue-UltraLightItalic
OutlineFileName:\helveticaneue.dfont
ResourceID:4688
MacStyle:2
FileLength:1406971
FileModTime:1447190014
%EndFont

%BeginFont
Handler:DirectoryHandler
FontType:Suitcase
FontName:HelveticaNeue-Light
OutlineFileName:\helveticaneue.dfont
ResourceID:4846
MacStyle:0
FileLength:1406971
FileModTime:1447190014
%EndFont

%BeginFont
Handler:DirectoryHandler
FontType:Suitcase
FontName:HelveticaNeue-LightItalic
OutlineFileName:\helveticaneue.dfont
ResourceID:4846
MacStyle:2
FileLength:1406971
FileModTime:1447190014
%EndFont

%BeginFont
Handler:DirectoryHandler
FontType:Suitcase
FontName:HelveticaNeue-CondensedBlack
OutlineFileName:\helveticaneue.dfont
ResourceID:4889
MacStyle:0
FileLength:1406971
FileModTime:1447190014
%EndFont

%BeginFont
Handler:DirectoryHandler
FontType:Suitcase
FontName:HelveticaNeue-Medium
OutlineFileName:\helveticaneue.dfont
ResourceID:128
MacStyle:0
FileLength:1406971
FileModTime:1447190014
%EndFont

